Archive member included because of file (symbol)

e:/winavr-20100110/bin/../lib/gcc/avr/4.3.3/avr5\libgcc.a(_udivmodsi4.o)
                              ./Timer0_pwm.o (__udivmodsi4)
e:/winavr-20100110/bin/../lib/gcc/avr/4.3.3/avr5\libgcc.a(_exit.o)
                              e:/winavr-20100110/bin/../lib/gcc/avr/4.3.3/../../../../avr/lib/avr5/crtm32.o (exit)
e:/winavr-20100110/bin/../lib/gcc/avr/4.3.3/avr5\libgcc.a(_copy_data.o)
                              ./Control_ECU.o (__do_copy_data)
e:/winavr-20100110/bin/../lib/gcc/avr/4.3.3/avr5\libgcc.a(_clear_bss.o)
                              ./Control_ECU.o (__do_clear_bss)

Allocating common symbols
Common symbol       size              file

g_receivedPassword1
                    0x5               ./Control_ECU.o
g_receivedPassword2
                    0x5               ./Control_ECU.o

Memory Configuration

Name             Origin             Length             Attributes
text             0x00000000         0x00020000         xr
data             0x00800060         0x0000ffa0         rw !x
eeprom           0x00810000         0x00010000         rw !x
fuse             0x00820000         0x00000400         rw !x
lock             0x00830000         0x00000400         rw !x
signature        0x00840000         0x00000400         rw !x
*default*        0x00000000         0xffffffff

Linker script and memory map

LOAD e:/winavr-20100110/bin/../lib/gcc/avr/4.3.3/../../../../avr/lib/avr5/crtm32.o
LOAD ./Control_ECU.o
LOAD ./Timer0_pwm.o
LOAD ./buzzer.o
LOAD ./dc_motor.o
LOAD ./external_eeprom.o
LOAD ./gpio.o
LOAD ./timer1.o
LOAD ./twi.o
LOAD ./uart.o
LOAD e:/winavr-20100110/bin/../lib/gcc/avr/4.3.3/avr5\libgcc.a
LOAD e:/winavr-20100110/bin/../lib/gcc/avr/4.3.3/../../../../avr/lib/avr5\libc.a
LOAD e:/winavr-20100110/bin/../lib/gcc/avr/4.3.3/avr5\libgcc.a

.hash
 *(.hash)

.dynsym
 *(.dynsym)

.dynstr
 *(.dynstr)

.gnu.version
 *(.gnu.version)

.gnu.version_d
 *(.gnu.version_d)

.gnu.version_r
 *(.gnu.version_r)

.rel.init
 *(.rel.init)

.rela.init
 *(.rela.init)

.rel.text
 *(.rel.text)
 *(.rel.text.*)
 *(.rel.gnu.linkonce.t*)

.rela.text
 *(.rela.text)
 *(.rela.text.*)
 *(.rela.gnu.linkonce.t*)

.rel.fini
 *(.rel.fini)

.rela.fini
 *(.rela.fini)

.rel.rodata
 *(.rel.rodata)
 *(.rel.rodata.*)
 *(.rel.gnu.linkonce.r*)

.rela.rodata
 *(.rela.rodata)
 *(.rela.rodata.*)
 *(.rela.gnu.linkonce.r*)

.rel.data
 *(.rel.data)
 *(.rel.data.*)
 *(.rel.gnu.linkonce.d*)

.rela.data
 *(.rela.data)
 *(.rela.data.*)
 *(.rela.gnu.linkonce.d*)

.rel.ctors
 *(.rel.ctors)

.rela.ctors
 *(.rela.ctors)

.rel.dtors
 *(.rel.dtors)

.rela.dtors
 *(.rela.dtors)

.rel.got
 *(.rel.got)

.rela.got
 *(.rela.got)

.rel.bss
 *(.rel.bss)

.rela.bss
 *(.rela.bss)

.rel.plt
 *(.rel.plt)

.rela.plt
 *(.rela.plt)

.text           0x00000000      0xae4
 *(.vectors)
 .vectors       0x00000000       0x54 e:/winavr-20100110/bin/../lib/gcc/avr/4.3.3/../../../../avr/lib/avr5/crtm32.o
                0x00000000                __vectors
                0x00000000                __vector_default
 *(.vectors)
 *(.progmem.gcc*)
 *(.progmem*)
                0x00000054                . = ALIGN (0x2)
                0x00000054                __trampolines_start = .
 *(.trampolines)
 .trampolines   0x00000054        0x0 linker stubs
 *(.trampolines*)
                0x00000054                __trampolines_end = .
 *(.jumptables)
 *(.jumptables*)
 *(.lowtext)
 *(.lowtext*)
                0x00000054                __ctors_start = .
 *(.ctors)
                0x00000054                __ctors_end = .
                0x00000054                __dtors_start = .
 *(.dtors)
                0x00000054                __dtors_end = .
 SORT(*)(.ctors)
 SORT(*)(.dtors)
 *(.init0)
 .init0         0x00000054        0x0 e:/winavr-20100110/bin/../lib/gcc/avr/4.3.3/../../../../avr/lib/avr5/crtm32.o
                0x00000054                __init
 *(.init0)
 *(.init1)
 *(.init1)
 *(.init2)
 .init2         0x00000054        0xc e:/winavr-20100110/bin/../lib/gcc/avr/4.3.3/../../../../avr/lib/avr5/crtm32.o
 *(.init2)
 *(.init3)
 *(.init3)
 *(.init4)
 .init4         0x00000060       0x16 e:/winavr-20100110/bin/../lib/gcc/avr/4.3.3/avr5\libgcc.a(_copy_data.o)
                0x00000060                __do_copy_data
 .init4         0x00000076       0x10 e:/winavr-20100110/bin/../lib/gcc/avr/4.3.3/avr5\libgcc.a(_clear_bss.o)
                0x00000076                __do_clear_bss
 *(.init4)
 *(.init5)
 *(.init5)
 *(.init6)
 *(.init6)
 *(.init7)
 *(.init7)
 *(.init8)
 *(.init8)
 *(.init9)
 .init9         0x00000086        0x8 e:/winavr-20100110/bin/../lib/gcc/avr/4.3.3/../../../../avr/lib/avr5/crtm32.o
 *(.init9)
 *(.text)
 .text          0x0000008e        0x4 e:/winavr-20100110/bin/../lib/gcc/avr/4.3.3/../../../../avr/lib/avr5/crtm32.o
                0x0000008e                __vector_1
                0x0000008e                __vector_12
                0x0000008e                __bad_interrupt
                0x0000008e                __vector_6
                0x0000008e                __vector_3
                0x0000008e                __vector_11
                0x0000008e                __vector_13
                0x0000008e                __vector_17
                0x0000008e                __vector_19
                0x0000008e                __vector_5
                0x0000008e                __vector_4
                0x0000008e                __vector_2
                0x0000008e                __vector_15
                0x0000008e                __vector_8
                0x0000008e                __vector_14
                0x0000008e                __vector_10
                0x0000008e                __vector_16
                0x0000008e                __vector_18
                0x0000008e                __vector_20
 .text          0x00000092        0x0 ./Control_ECU.o
 .text          0x00000092        0x0 ./Timer0_pwm.o
 .text          0x00000092        0x0 ./buzzer.o
 .text          0x00000092        0x0 ./dc_motor.o
 .text          0x00000092        0x0 ./external_eeprom.o
 .text          0x00000092        0x0 ./gpio.o
 .text          0x00000092        0x0 ./timer1.o
 .text          0x00000092        0x0 ./twi.o
 .text          0x00000092        0x0 ./uart.o
 .text          0x00000092        0x0 e:/winavr-20100110/bin/../lib/gcc/avr/4.3.3/avr5\libgcc.a(_udivmodsi4.o)
 .text          0x00000092        0x0 e:/winavr-20100110/bin/../lib/gcc/avr/4.3.3/avr5\libgcc.a(_exit.o)
 .text          0x00000092        0x0 e:/winavr-20100110/bin/../lib/gcc/avr/4.3.3/avr5\libgcc.a(_copy_data.o)
 .text          0x00000092        0x0 e:/winavr-20100110/bin/../lib/gcc/avr/4.3.3/avr5\libgcc.a(_clear_bss.o)
                0x00000092                . = ALIGN (0x2)
 *(.text.*)
 .text.confirmPassword
                0x00000092       0x38 ./Control_ECU.o
                0x00000092                confirmPassword
 .text.receivePassword
                0x000000ca       0x34 ./Control_ECU.o
                0x000000ca                receivePassword
 .text.doorControl
                0x000000fe       0xe4 ./Control_ECU.o
                0x000000fe                doorControl
 .text.activateAlarm
                0x000001e2       0x62 ./Control_ECU.o
                0x000001e2                activateAlarm
 .text.checkPassword
                0x00000244       0xda ./Control_ECU.o
                0x00000244                checkPassword
 .text.main     0x0000031e       0xc6 ./Control_ECU.o
                0x0000031e                main
 .text.savePassword
                0x000003e4       0x38 ./Control_ECU.o
                0x000003e4                savePassword
 .text.PWM_Timer0_Start
                0x0000041c       0x34 ./Timer0_pwm.o
                0x0000041c                PWM_Timer0_Start
 .text.Buzzer_off
                0x00000450        0xc ./buzzer.o
                0x00000450                Buzzer_off
 .text.Buzzer_on
                0x0000045c        0xc ./buzzer.o
                0x0000045c                Buzzer_on
 .text.Buzzer_init
                0x00000468       0x16 ./buzzer.o
                0x00000468                Buzzer_init
 .text.DcMotor_Rotate
                0x0000047e       0x4a ./dc_motor.o
                0x0000047e                DcMotor_Rotate
 .text.DcMotor_init
                0x000004c8       0x2a ./dc_motor.o
                0x000004c8                DcMotor_init
 .text.EEPROM_readByte
                0x000004f2       0x8a ./external_eeprom.o
                0x000004f2                EEPROM_readByte
 .text.EEPROM_writeByte
                0x0000057c       0x62 ./external_eeprom.o
                0x0000057c                EEPROM_writeByte
 .text.GPIO_setupPinDirection
                0x000005de       0xe8 ./gpio.o
                0x000005de                GPIO_setupPinDirection
 .text.GPIO_writePin
                0x000006c6       0xe8 ./gpio.o
                0x000006c6                GPIO_writePin
 .text.GPIO_readPin
                0x000007ae       0x3c ./gpio.o
                0x000007ae                GPIO_readPin
 .text.GPIO_setupPortDirection
                0x000007ea       0x26 ./gpio.o
                0x000007ea                GPIO_setupPortDirection
 .text.GPIO_writePort
                0x00000810       0x26 ./gpio.o
                0x00000810                GPIO_writePort
 .text.GPIO_readPort
                0x00000836       0x2a ./gpio.o
                0x00000836                GPIO_readPort
 .text.__vector_7
                0x00000860       0x52 ./timer1.o
                0x00000860                __vector_7
 .text.__vector_9
                0x000008b2       0x52 ./timer1.o
                0x000008b2                __vector_9
 .text.Timer1_init
                0x00000904       0x42 ./timer1.o
                0x00000904                Timer1_init
 .text.Timer1_deInit
                0x00000946       0x14 ./timer1.o
                0x00000946                Timer1_deInit
 .text.Timer1_setCallBack
                0x0000095a        0xa ./timer1.o
                0x0000095a                Timer1_setCallBack
 .text.TWI_init
                0x00000964       0x40 ./twi.o
                0x00000964                TWI_init
 .text.TWI_start
                0x000009a4        0xc ./twi.o
                0x000009a4                TWI_start
 .text.TWI_stop
                0x000009b0        0x6 ./twi.o
                0x000009b0                TWI_stop
 .text.TWI_writeByte
                0x000009b6        0xe ./twi.o
                0x000009b6                TWI_writeByte
 .text.TWI_readByteWithACK
                0x000009c4        0xe ./twi.o
                0x000009c4                TWI_readByteWithACK
 .text.TWI_readByteWithNACK
                0x000009d2        0xe ./twi.o
                0x000009d2                TWI_readByteWithNACK
 .text.TWI_getStatus
                0x000009e0        0x6 ./twi.o
                0x000009e0                TWI_getStatus
 .text.UART_init
                0x000009e6       0x5e ./uart.o
                0x000009e6                UART_init
 .text.UART_sendByte
                0x00000a44        0x8 ./uart.o
                0x00000a44                UART_sendByte
 .text.UART_receiveByte
                0x00000a4c        0x8 ./uart.o
                0x00000a4c                UART_receiveByte
 .text.UART_sendString
                0x00000a54       0x1a ./uart.o
                0x00000a54                UART_sendString
 .text.UART_receiveString
                0x00000a6e       0x2e ./uart.o
                0x00000a6e                UART_receiveString
 .text.libgcc   0x00000a9c       0x44 e:/winavr-20100110/bin/../lib/gcc/avr/4.3.3/avr5\libgcc.a(_udivmodsi4.o)
                0x00000a9c                __udivmodsi4
 .text.libgcc   0x00000ae0        0x0 e:/winavr-20100110/bin/../lib/gcc/avr/4.3.3/avr5\libgcc.a(_exit.o)
 .text.libgcc   0x00000ae0        0x0 e:/winavr-20100110/bin/../lib/gcc/avr/4.3.3/avr5\libgcc.a(_copy_data.o)
 .text.libgcc   0x00000ae0        0x0 e:/winavr-20100110/bin/../lib/gcc/avr/4.3.3/avr5\libgcc.a(_clear_bss.o)
                0x00000ae0                . = ALIGN (0x2)
 *(.fini9)
 .fini9         0x00000ae0        0x0 e:/winavr-20100110/bin/../lib/gcc/avr/4.3.3/avr5\libgcc.a(_exit.o)
                0x00000ae0                exit
                0x00000ae0                _exit
 *(.fini9)
 *(.fini8)
 *(.fini8)
 *(.fini7)
 *(.fini7)
 *(.fini6)
 *(.fini6)
 *(.fini5)
 *(.fini5)
 *(.fini4)
 *(.fini4)
 *(.fini3)
 *(.fini3)
 *(.fini2)
 *(.fini2)
 *(.fini1)
 *(.fini1)
 *(.fini0)
 .fini0         0x00000ae0        0x4 e:/winavr-20100110/bin/../lib/gcc/avr/4.3.3/avr5\libgcc.a(_exit.o)
 *(.fini0)
                0x00000ae4                _etext = .

.data           0x00800060       0x26 load address 0x00000ae4
                0x00800060                PROVIDE (__data_start, .)
 *(.data)
 .data          0x00800060        0x0 e:/winavr-20100110/bin/../lib/gcc/avr/4.3.3/../../../../avr/lib/avr5/crtm32.o
 .data          0x00800060        0x0 ./Control_ECU.o
 .data          0x00800060        0x0 ./Timer0_pwm.o
 .data          0x00800060        0x0 ./buzzer.o
 .data          0x00800060        0x0 ./dc_motor.o
 .data          0x00800060        0x0 ./external_eeprom.o
 .data          0x00800060        0x0 ./gpio.o
 .data          0x00800060        0x0 ./timer1.o
 .data          0x00800060        0x0 ./twi.o
 .data          0x00800060        0x0 ./uart.o
 .data          0x00800060        0x0 e:/winavr-20100110/bin/../lib/gcc/avr/4.3.3/avr5\libgcc.a(_udivmodsi4.o)
 .data          0x00800060        0x0 e:/winavr-20100110/bin/../lib/gcc/avr/4.3.3/avr5\libgcc.a(_exit.o)
 .data          0x00800060        0x0 e:/winavr-20100110/bin/../lib/gcc/avr/4.3.3/avr5\libgcc.a(_copy_data.o)
 .data          0x00800060        0x0 e:/winavr-20100110/bin/../lib/gcc/avr/4.3.3/avr5\libgcc.a(_clear_bss.o)
 *(.data*)
 .data.g_CONTROL_SYSTEM_SEQUENCE
                0x00800060        0x1 ./Control_ECU.o
                0x00800060                g_CONTROL_SYSTEM_SEQUENCE
 *(.rodata)
 *(.rodata*)
 .rodata.C.11.1505
                0x00800061        0x5 ./Control_ECU.o
 .rodata.C.10.1504
                0x00800066        0x7 ./Control_ECU.o
 .rodata.C.9.1483
                0x0080006d        0x6 ./Control_ECU.o
 .rodata.C.8.1482
                0x00800073        0x6 ./Control_ECU.o
 .rodata.C.5.1479
                0x00800079        0x6 ./Control_ECU.o
 .rodata.C.2.1461
                0x0080007f        0x6 ./Control_ECU.o
 *(.gnu.linkonce.d*)
                0x00800086                . = ALIGN (0x2)
 *fill*         0x00800085        0x1 00
                0x00800086                _edata = .
                0x00800086                PROVIDE (__data_end, .)

.bss            0x00800086        0xe
                0x00800086                PROVIDE (__bss_start, .)
 *(.bss)
 .bss           0x00800086        0x0 e:/winavr-20100110/bin/../lib/gcc/avr/4.3.3/../../../../avr/lib/avr5/crtm32.o
 .bss           0x00800086        0x0 ./Control_ECU.o
 .bss           0x00800086        0x0 ./Timer0_pwm.o
 .bss           0x00800086        0x0 ./buzzer.o
 .bss           0x00800086        0x0 ./dc_motor.o
 .bss           0x00800086        0x0 ./external_eeprom.o
 .bss           0x00800086        0x0 ./gpio.o
 .bss           0x00800086        0x0 ./timer1.o
 .bss           0x00800086        0x0 ./twi.o
 .bss           0x00800086        0x0 ./uart.o
 .bss           0x00800086        0x0 e:/winavr-20100110/bin/../lib/gcc/avr/4.3.3/avr5\libgcc.a(_udivmodsi4.o)
 .bss           0x00800086        0x0 e:/winavr-20100110/bin/../lib/gcc/avr/4.3.3/avr5\libgcc.a(_exit.o)
 .bss           0x00800086        0x0 e:/winavr-20100110/bin/../lib/gcc/avr/4.3.3/avr5\libgcc.a(_copy_data.o)
 .bss           0x00800086        0x0 e:/winavr-20100110/bin/../lib/gcc/avr/4.3.3/avr5\libgcc.a(_clear_bss.o)
 *(.bss*)
 .bss.g_passwordFlag
                0x00800086        0x1 ./Control_ECU.o
                0x00800086                g_passwordFlag
 .bss.g_tick    0x00800087        0x1 ./Control_ECU.o
 .bss.g_callBackPtr
                0x00800088        0x2 ./timer1.o
 *(COMMON)
 COMMON         0x0080008a        0xa ./Control_ECU.o
                0x0080008a                g_receivedPassword1
                0x0080008f                g_receivedPassword2
                0x00800094                PROVIDE (__bss_end, .)
                0x00000ae4                __data_load_start = LOADADDR (.data)
                0x00000b0a                __data_load_end = (__data_load_start + SIZEOF (.data))

.noinit         0x00800094        0x0
                0x00800094                PROVIDE (__noinit_start, .)
 *(.noinit*)
                0x00800094                PROVIDE (__noinit_end, .)
                0x00800094                _end = .
                0x00800094                PROVIDE (__heap_start, .)

.eeprom         0x00810000        0x0
 *(.eeprom*)
                0x00810000                __eeprom_end = .

.fuse
 *(.fuse)
 *(.lfuse)
 *(.hfuse)
 *(.efuse)

.lock
 *(.lock*)

.signature
 *(.signature*)

.stab
 *(.stab)

.stabstr
 *(.stabstr)

.stab.excl
 *(.stab.excl)

.stab.exclstr
 *(.stab.exclstr)

.stab.index
 *(.stab.index)

.stab.indexstr
 *(.stab.indexstr)

.comment
 *(.comment)

.debug
 *(.debug)

.line
 *(.line)

.debug_srcinfo
 *(.debug_srcinfo)

.debug_sfnames
 *(.debug_sfnames)

.debug_aranges
 *(.debug_aranges)

.debug_pubnames
 *(.debug_pubnames)

.debug_info
 *(.debug_info)
 *(.gnu.linkonce.wi.*)

.debug_abbrev
 *(.debug_abbrev)

.debug_line
 *(.debug_line)

.debug_frame
 *(.debug_frame)

.debug_str
 *(.debug_str)

.debug_loc
 *(.debug_loc)

.debug_macinfo
 *(.debug_macinfo)
OUTPUT(Control_ECU.elf elf32-avr)
LOAD linker stubs
